NAME:
   rpt - run the given command the given number of times

USAGE:
   rpt [OPTIONS] TIMES COMMAND [ARGUMENTS...]

VERSION:
   dev

DESCRIPTION:
   Run `COMMAND ARGUMENTS` TIMES times.

AUTHOR:
   Ben Armston

OPTIONS:
   --delay DURATION, -d DURATION  wait DURATION between runs (default: 0s)
   --verbose, -v                  print debugging messages (default: false)
   --help, -h                     show help
   --version                      print the version

COPYRIGHT:
   Copyright 2025 Ben Armston
